
> saas-analytics-copilot@1.0.0 build
> next build

  Γû▓ Next.js 14.2.16
  - Environments: .env.local, .env

   Creating an optimized production build ...
 Γ£ô Compiled successfully
   Linting and checking validity of types ...
   Collecting page data ...
   Generating static pages (0/12) ...
   Generating static pages (3/12) 
   Generating static pages (6/12) 
   Generating static pages (9/12) 
 Γ£ô Generating static pages (12/12)
   Finalizing page optimization ...
   Collecting build traces ...

Route (app)                              Size     First Load JS
Γöî ╞Æ /                                    143 B          87.5 kB
Γö£ Γùï /_not-found                          876 B          88.3 kB
Γö£ ╞Æ /api/ai/chat                         0 B                0 B
Γö£ ╞Æ /api/auth/[...nextauth]              0 B                0 B
Γö£ ╞Æ /api/health                          0 B                0 B
Γö£ ╞Æ /api/integrations/github             0 B                0 B
Γö£ ╞Æ /api/integrations/stripe/webhook     0 B                0 B
Γö£ ╞Æ /api/jobs                            0 B                0 B
Γö£ ╞Æ /api/metrics                         0 B                0 B
Γö£ ╞Æ /dashboard                           3.21 kB         199 kB
Γö£ ╞Æ /dashboard/copilot                   2.56 kB        89.9 kB
Γö£ ╞Æ /dashboard/integrations              2.95 kB        90.3 kB
Γö£ ╞Æ /dashboard/jobs                      2.26 kB        95.5 kB
Γö£ ╞Æ /dashboard/revenue                   2.84 kB         199 kB
Γö£ ╞Æ /dashboard/settings                  143 B          87.5 kB
Γö£ ╞Æ /dashboard/users                     2.87 kB         199 kB
Γöö Γùï /login                               2.34 kB        92.9 kB
+ First Load JS shared by all            87.4 kB
  Γö£ chunks/117-1de1dff68ebce56b.js       31.8 kB
  Γö£ chunks/fd9d1056-1d32547cb0cdc0af.js  53.6 kB
  Γöö other shared chunks (total)          2 kB


╞Æ Middleware                             118 kB

Γùï  (Static)   prerendered as static content
╞Æ  (Dynamic)  server-rendered on demand

