
> saas-analytics-copilot@1.0.0 test
> vitest run

node.exe : [33mThe CJS build of Vite's Node API is deprecated. See 
https://vite.dev/guide/troubleshooting.html#vite-cjs-node-api-deprecated for 
more details.[39m
At C:\Program Files\nodejs\npm.ps1:29 char:3
+   & $NODE_EXE $NPM_CLI_JS $args
+   ~~~~~~~~~~~~~~~~~~~~~~~~~~~~~
    + CategoryInfo          : NotSpecified: ([33mThe CJS bu...e details.[39m 
   :String) [], RemoteException
    + FullyQualifiedErrorId : NativeCommandError
 

[1m[7m[36m RUN [39m[27m[22m [36mv2.1.9 [39m[90mC:/Users/123/Desktop/Portfolio projects/LEARN/projects/04-nextjs-fullstack-dashboard/saas-analytics-copilot[39m

 [32mΓ£ô[39m tests/metrics-transform.integration.test.ts [2m([22m[2m1 test[22m[2m)[22m[90m 9[2mms[22m[39m
 [32mΓ£ô[39m tests/rbac.test.ts [2m([22m[2m4 tests[22m[2m)[22m[90m 21[2mms[22m[39m
 [32mΓ£ô[39m tests/cache.test.ts [2m([22m[2m2 tests[22m[2m)[22m[90m 13[2mms[22m[39m

[2m Test Files [22m [1m[32m3 passed[39m[22m[90m (3)[39m
[2m      Tests [22m [1m[32m7 passed[39m[22m[90m (7)[39m
[2m   Start at [22m 05:00:08
[2m   Duration [22m 6.62s[2m (transform 597ms, setup 3.53s, collect 329ms, tests 43ms, environment 12.32s, prepare 1.74s)[22m

